### CMD: npx expo export --platform web --output-dir web-build
### started 2026-07-26T06:03:51Z
Starting Metro Bundler
Web mobile/index.ts ░░░░░░░░░░░░░░░░  0.0% (0/1)
Web mobile/index.ts ░░░░░░░░░░░░░░░░  1.0% (1/1)
Web mobile/index.ts ▓▓▓▓▓▓▓▓▓▓▓▓░░░░ 79.7% ( 67/224)
Web mobile/index.ts ▓▓▓▓▓▓▓▓▓▓▓▓░░░░ 79.7% (141/262)
Web mobile/index.ts ▓▓▓▓▓▓▓▓▓▓▓▓░░░░ 79.7% (293/419)
Web mobile/index.ts ▓▓▓▓▓▓▓▓▓▓▓▓░░░░ 79.7% (393/521)
Web mobile/index.ts ▓▓▓▓▓▓▓▓▓▓▓▓░░░░ 79.7% (530/631)
Web mobile/index.ts ▓▓▓▓▓▓▓▓▓▓▓▓▓▓▓░ 94.2% (685/735)
Web Bundled 26486ms mobile/index.ts (745 modules)

› Assets (39):
../node_modules/@expo-google-fonts/cairo/Cairo_200ExtraLight.c78a99987273c45c6f7c6d7bcd2f7f76.ttf (96.6 kB)
../node_modules/@expo-google-fonts/cairo/Cairo_300Light.a6793d94c6568946c4755901ef0f04ed.ttf (96.7 kB)
../node_modules/@expo-google-fonts/cairo/Cairo_400Regular.94c4feb516a9bd22a5ee417f6e099c93.ttf (96.7 kB)
../node_modules/@expo-google-fonts/cairo/Cairo_500Medium.76f957349a6defbef1b6980bc4c8892a.ttf (96.8 kB)
../node_modules/@expo-google-fonts/cairo/Cairo_600SemiBold.a29aa6689e17cc4920f865b1e2f206fd.ttf (96.9 kB)
../node_modules/@expo-google-fonts/cairo/Cairo_700Bold.19a30f18e32cf8dbb9d0cfcee9e2c01e.ttf (96.8 kB)
../node_modules/@expo-google-fonts/cairo/Cairo_800ExtraBold.461a6eeaed7944175bd3b03209b6015a.ttf (96.9 kB)
../node_modules/@expo-google-fonts/cairo/Cairo_900Black.2374c281704270d2e3008b421ed80885.ttf (96.8 kB)
../node_modules/@expo/vector-icons/build/vendor/react-native-vector-icons/Fonts/AntDesign.3f78af31cca60105799838a1a7a59fbd.ttf (130 kB)
../node_modules/@expo/vector-icons/build/vendor/react-native-vector-icons/Fonts/Entypo.31b5ffea3daddc69dd01a1f3d6cf63c5.ttf (66.2 kB)
../node_modules/@expo/vector-icons/build/vendor/react-native-vector-icons/Fonts/EvilIcons.140c53a7643ea949007aa9a282153849.ttf (13.5 kB)
../node_modules/@expo/vector-icons/build/vendor/react-native-vector-icons/Fonts/Feather.ca4b48e04dc1ce10bfbddb262c8b835f.ttf (55.6 kB)
../node_modules/@expo/vector-icons/build/vendor/react-native-vector-icons/Fonts/FontAwesome.b06871f281fee6b241d60582ae9369b9.ttf (166 kB)
../node_modules/@expo/vector-icons/build/vendor/react-native-vector-icons/Fonts/FontAwesome5_Brands.3b89dd103490708d19a95adcae52210e.ttf (134 kB)
../node_modules/@expo/vector-icons/build/vendor/react-native-vector-icons/Fonts/FontAwesome5_Regular.1f77739ca9ff2188b539c36f30ffa2be.ttf (33.7 kB)
../node_modules/@expo/vector-icons/build/vendor/react-native-vector-icons/Fonts/FontAwesome5_Solid.605ed7926cf39a2ad5ec2d1f9d391d3d.ttf (203 kB)
../node_modules/@expo/vector-icons/build/vendor/react-native-vector-icons/Fonts/FontAwesome6_Brands.56c8d80832e37783f12c05db7c8849e2.ttf (209 kB)
../node_modules/@expo/vector-icons/build/vendor/react-native-vector-icons/Fonts/FontAwesome6_Regular.370dd5af19f8364907b6e2c41f45dbbf.ttf (68 kB)
../node_modules/@expo/vector-icons/build/vendor/react-native-vector-icons/Fonts/FontAwesome6_Solid.adec7d6f310bc577f05e8fe06a5daccf.ttf (424 kB)
../node_modules/@expo/vector-icons/build/vendor/react-native-vector-icons/Fonts/Fontisto.b49ae8ab2dbccb02c4d11caaacf09eab.ttf (314 kB)
../node_modules/@expo/vector-icons/build/vendor/react-native-vector-icons/Fonts/Foundation.e20945d7c929279ef7a6f1db184a4470.ttf (57 kB)
../node_modules/@expo/vector-icons/build/vendor/react-native-vector-icons/Fonts/Ionicons.b4eb097d35f44ed943676fd56f6bdc51.ttf (390 kB)
../node_modules/@expo/vector-icons/build/vendor/react-native-vector-icons/Fonts/MaterialCommunityIcons.6e435534bd35da5fef04168860a9b8fa.ttf (1.31 MB)
../node_modules/@expo/vector-icons/build/vendor/react-native-vector-icons/Fonts/MaterialIcons.4e85bc9ebe07e0340c9c4fc2f6c38908.ttf (357 kB)
../node_modules/@expo/vector-icons/build/vendor/react-native-vector-icons/Fonts/Octicons.871378c6eab492a3e689a9385dc45a12.ttf (69.4 kB)
../node_modules/@expo/vector-icons/build/vendor/react-native-vector-icons/Fonts/SimpleLineIcons.d2285965fe34b05465047401b8595dd0.ttf (54.1 kB)
../node_modules/@expo/vector-icons/build/vendor/react-native-vector-icons/Fonts/Zocial.1681f34aaca71b8dfb70756bca331eb2.ttf (25.8 kB)
../node_modules/@react-navigation/elements/lib/module/assets/back-icon-mask.0a328cd9c1afd0afe8e3b1ec5165b1b4.png (653 B)
../node_modules/@react-navigation/elements/lib/module/assets/back-icon.35ba0eaec5a4f5ed12ca16fabeae451d.png (207 B)
../node_modules/@react-navigation/elements/lib/module/assets/clear-icon.c94f6478e7ae0cdd9f15de1fcb9e5e55.png (4 variations | 425 B)
../node_modules/@react-navigation/elements/lib/module/assets/close-icon.808e1b1b9b53114ec2838071a7e6daa7.png (4 variations | 235 B)
../node_modules/@react-navigation/elements/lib/module/assets/search-icon.286d67d3f74808a60a78d3ebf1a5fb57.png (928 B)
assets/logo.9b05c36853413f92630ff2b5658fd3b7.png (173 kB)

› web bundles (1):
_expo/static/js/web/index-6fe65d3efd1028d92569e0175a038e89.js (1.8 MB)

› Files (2):
index.html (1.2 kB)
metadata.json (49 B)

Exported: web-build
### EXIT: 0
### ended 2026-07-26T06:05:48Z
